<area shape="rect" href="$da/d81/structatom.html" title="atom" alt="" coords="480,264,531,288">
<area shape="rect" href="$d0/d7e/structresidue.html" title="residue" alt="" coords="696,371,763,395">
<area shape="rect" href="$d3/df7/structvectormag__3D.html" title="vectormag_3D" alt="" coords="424,143,536,167">
<area shape="rect" href="$d6/d7c/structbond.html" title="for simple, all&#45;one&#45;residue bonding (for early programs)" alt="" coords="560,143,611,167">
<area shape="rect" href="$d6/df4/structbondset.html" title="bondset" alt="" coords="612,264,681,288">
<area shape="rect" href="$d6/def/structbond__type.html" title="bond_type" alt="" coords="253,7,339,31">
<area shape="rect" href="$dc/d7a/structatype.html" title="atype" alt="" coords="141,143,197,167">
<area shape="rect" href="$df/d7e/structmolbond.html" title="molbond" alt="" coords="221,143,296,167">
<area shape="rect" href="$da/d03/structtorsion__type.html" title="torsion_type" alt="" coords="5,7,101,31">
<area shape="rect" href="$dc/ddd/structangle__type.html" title="angle_type" alt="" coords="125,7,213,31">
<area shape="rect" href="$d8/d31/structcoord__3D.html" title="coord_3D" alt="" coords="320,143,400,167">
<area shape="rect" href="$da/d96/structensindex.html" title="ensindex" alt="" coords="709,143,787,167">
<area shape="rect" href="$d2/d4f/structmolindex.html" title="molindex" alt="" coords="724,7,801,31">
<area shape="rect" href="$dc/d34/structconnection__tree.html" title="connection_tree" alt="" coords="985,264,1105,288">
<area shape="rect" href="$d0/dda/structmolbondset.html" title="molbondset" alt="" coords="153,317,247,341">
<area shape="rect" href="$d6/dde/structmtype.html" title="mtype" alt="" coords="399,371,457,395">
<area shape="rect" href="$d6/d6b/structboxinfo.html" title="boxinfo" alt="" coords="93,371,160,395">
<area shape="rect" href="$d7/d0b/structcoord__nD.html" title="coord_nD" alt="" coords="83,264,163,288">
<area shape="rect" href="$d8/d1b/structrtype.html" title="rtype" alt="" coords="780,264,831,288">
<area shape="rect" href="$d7/d04/structplane.html" title="plane" alt="" coords="905,264,961,288">
