<area shape="rect" href="$da/d81/structatom.html" title="atom" alt="" coords="397,277,448,301">
<area shape="rect" href="$d0/d7e/structresidue.html" title="residue" alt="" coords="712,384,779,408">
<area shape="rect" href="$d3/df7/structvectormag__3D.html" title="vectormag_3D" alt="" coords="429,127,541,151">
<area shape="rect" href="$d6/d7c/structbond.html" title="for simple, all&#45;one&#45;residue bonding (for early programs)" alt="" coords="565,127,616,151">
<area shape="rect" href="$d6/df4/structbondset.html" title="bondset" alt="" coords="577,277,647,301">
<area shape="rect" href="$d6/def/structbond__type.html" title="bond_type" alt="" coords="245,7,331,31">
<area shape="rect" href="$dc/d7a/structatype.html" title="atype" alt="" coords="161,127,217,151">
<area shape="rect" href="$df/d7e/structmolbond.html" title="molbond" alt="" coords="256,127,331,151">
<area shape="rect" href="$da/d03/structtorsion__type.html" title="torsion_type" alt="" coords="5,7,101,31">
<area shape="rect" href="$dc/ddd/structangle__type.html" title="angle_type" alt="" coords="125,7,213,31">
<area shape="rect" href="$d8/d31/structcoord__3D.html" title="coord_3D" alt="" coords="1039,127,1119,151">
<area shape="rect" href="$dc/d34/structconnection__tree.html" title="connection_tree" alt="" coords="951,277,1071,301">
<area shape="rect" href="$da/d96/structensindex.html" title="ensindex" alt="" coords="721,127,799,151">
<area shape="rect" href="$d2/d4f/structmolindex.html" title="molindex" alt="" coords="355,7,432,31">
<area shape="rect" href="$d0/dda/structmolbondset.html" title="molbondset" alt="" coords="171,331,264,355">
<area shape="rect" href="$d6/dde/structmtype.html" title="mtype" alt="" coords="444,384,503,408">
<area shape="rect" href="$d6/d6b/structboxinfo.html" title="boxinfo" alt="" coords="111,384,177,408">
<area shape="rect" href="$d7/d0b/structcoord__nD.html" title="coord_nD" alt="" coords="100,277,180,301">
<area shape="rect" href="$d8/d1b/structrtype.html" title="rtype" alt="" coords="876,277,927,301">
<area shape="rect" href="$d7/d04/structplane.html" title="plane" alt="" coords="796,277,852,301">
