<area shape="rect" href="$da/d81/structatom.html" title="atom" alt="" coords="483,275,531,301">
<area shape="rect" href="$d0/d7e/structresidue.html" title="residue" alt="" coords="703,419,761,445">
<area shape="rect" href="$d3/df7/structvectormag__3D.html" title="vectormag_3D" alt="" coords="395,147,493,173">
<area shape="rect" href="$d6/d7c/structbond.html" title="bond" alt="" coords="517,147,565,173">
<area shape="rect" href="$d6/df4/structbondset.html" title="bondset" alt="" coords="567,275,628,301">
<area shape="rect" href="$d6/def/structbond__type.html" title="bond_type" alt="" coords="236,5,313,32">
<area shape="rect" href="$dc/d7a/structatype.html" title="atype" alt="" coords="128,147,179,173">
<area shape="rect" href="$df/d7e/structmolbond.html" title="molbond" alt="" coords="203,147,272,173">
<area shape="rect" href="$da/d03/structtorsion__type.html" title="torsion_type" alt="" coords="109,5,197,32">
<area shape="rect" href="$dc/ddd/structangle__type.html" title="angle_type" alt="" coords="5,5,85,32">
<area shape="rect" href="$d8/d31/structcoord__3D.html" title="coord_3D" alt="" coords="296,147,371,173">
<area shape="rect" href="$da/d96/structensindex.html" title="ensindex" alt="" coords="661,147,731,173">
<area shape="rect" href="$d2/d4f/structmolindex.html" title="molindex" alt="" coords="663,5,735,32">
<area shape="rect" href="$dc/d34/structconnection__tree.html" title="connection_tree" alt="" coords="969,275,1076,301">
<area shape="rect" href="$d0/dda/structmolbondset.html" title="molbondset" alt="" coords="180,347,263,373">
<area shape="rect" href="$d6/dde/structmtype.html" title="mtype" alt="" coords="384,419,437,445">
<area shape="rect" href="$d8/d1b/structrtype.html" title="rtype" alt="" coords="897,275,945,301">
<area shape="rect" href="$d7/d04/structplane.html" title="plane" alt="" coords="823,275,873,301">
