<area shape="rect" href="$d3/de6/molecules_8h.html" title="inc/molecules.h" alt="" coords="3916,81,4033,105">
<area shape="rect" href="$d6/d78/amber__prmtop_8h.html" title="inc/AMBER/amber_prmtop.h" alt="" coords="563,156,757,180">
<area shape="rect" href="$df/d3f/read__amber8__mden_8h.html" title="inc/AMBER/read_amber8_mden.h" alt="" coords="1121,156,1351,180">
<area shape="rect" href="$d7/d40/load__pdb_8h.html" title="inc/load_pdb.h" alt="" coords="1508,156,1617,180">
<area shape="rect" href="$d2/dc6/load__dlg__mol_8c.html" title="src/load_dlg_mol.c" alt="" coords="1349,231,1485,255">
<area shape="rect" href="$d9/d36/add__coord_8c.html" title="src/add_coord.c" alt="" coords="1641,156,1761,180">
<area shape="rect" href="$d5/d10/add__to__moiety__selection_8c.html" title="src/add_to_moiety_selection.c" alt="" coords="1785,156,1991,180">
<area shape="rect" href="$d6/dfa/add__trajcrds__to__prmtop__assembly_8c.html" title="src/add_trajcrds_to_prmtop_assembly.c" alt="" coords="2015,156,2279,180">
<area shape="rect" href="$dc/d1b/add__vec_8c.html" title="src/add_vec.c" alt="" coords="2303,156,2409,180">
<area shape="rect" href="$d1/dde/assign__COM_8c.html" title="src/assign_COM.c" alt="" coords="2433,156,2567,180">
<area shape="rect" href="$d8/d3e/ATYPE__init_8c.html" title="src/ATYPE_init.c" alt="" coords="2591,156,2713,180">
<area shape="rect" href="$d1/d4a/coord__to__vec_8c.html" title="src/coord_to_vec.c" alt="" coords="2737,156,2873,180">
<area shape="rect" href="$d2/d42/deallocate__structures_8c.html" title="src/deallocate_structures.c" alt="" coords="2897,156,3084,180">
<area shape="rect" href="$da/d70/dprint__X_8c.html" title="src/dprint_X.c" alt="" coords="3108,156,3215,180">
<area shape="rect" href="$df/d0b/dXprint__X_8c.html" title="src/dXprint_X.c" alt="" coords="3239,156,3353,180">
<area shape="rect" href="$d4/d33/get__COM_8c.html" title="src/get_COM.c" alt="" coords="3377,156,3489,180">
<area shape="rect" href="$db/d36/get__crossprod_8c.html" title="src/get_crossprod.c" alt="" coords="3513,156,3655,180">
<area shape="rect" href="$db/d9e/get__dipole_8c.html" title="src/get_dipole.c" alt="" coords="3679,156,3796,180">
<area shape="rect" href="$d2/d29/get__dotprod_8c.html" title="src/get_dotprod.c" alt="" coords="3820,156,3948,180">
<area shape="rect" href="$d0/d42/get__geometric__center_8c.html" title="src/get_geometric_center.c" alt="" coords="3972,156,4159,180">
<area shape="rect" href="$d8/dce/get__magnitude_8c.html" title="src/get_magnitude.c" alt="" coords="4183,156,4329,180">
<area shape="rect" href="$de/d06/get__moiety__selection__assembly_8c.html" title="src/get_moiety_selection_assembly.c" alt="" coords="4353,156,4601,180">
<area shape="rect" href="$d1/db9/get__plane_8c.html" title="src/get_plane.c" alt="" coords="4625,156,4740,180">
<area shape="rect" href="$d3/dc1/get__rms__alt__X_8c.html" title="src/get_rms_alt_X.c" alt="" coords="4764,156,4905,180">
<area shape="rect" href="$d0/dad/initialize__GLYstruct_8c.html" title="src/initialize_GLYstruct.c" alt="" coords="4929,156,5103,180">
<area shape="rect" href="$dd/d4e/load__atypes_8c.html" title="src/load_atypes.c" alt="" coords="5127,156,5255,180">
<area shape="rect" href="$de/dbd/normalize__molecule__vectors_8c.html" title="src/normalize_molecule_vectors.c" alt="" coords="5279,156,5508,180">
<area shape="rect" href="$df/dda/normalize__vec_8c.html" title="src/normalize_vec.c" alt="" coords="5532,156,5676,180">
<area shape="rect" href="$d8/dd9/outputPDB_8c.html" title="src/outputPDB.c" alt="" coords="5700,156,5820,180">
<area shape="rect" href="$da/d0c/read__prep_8c.html" title="src/read_prep.c" alt="" coords="5844,156,5961,180">
<area shape="rect" href="$d8/d23/rotate__vector__to__Z_8c.html" title="src/rotate_vector_to_Z.c" alt="" coords="5985,156,6153,180">
<area shape="rect" href="$d5/d06/rotation_8c.html" title="src/rotation.c" alt="" coords="6177,156,6279,180">
<area shape="rect" href="$df/d1d/scalarmult__vec_8c.html" title="src/scalarmult_vec.c" alt="" coords="6303,156,6449,180">
<area shape="rect" href="$dc/dc8/translate__to__COM_8c.html" title="src/translate_to_COM.c" alt="" coords="6473,156,6639,180">
<area shape="rect" href="$d6/dd1/translate__zero__to__coord_8c.html" title="src/translate_zero_to_coord.c" alt="" coords="6663,156,6865,180">
<area shape="rect" href="$d8/d38/vector__movements_8c.html" title="src/vector_movements.c" alt="" coords="6889,156,7060,180">
<area shape="rect" href="$d5/d1f/zero__vec__crd_8c.html" title="src/zero_vec_crd.c" alt="" coords="7084,156,7220,180">
<area shape="rect" href="$d3/dcd/amber_8h.html" title="inc/AMBER/amber.h" alt="" coords="979,231,1123,255">
<area shape="rect" href="$d0/d92/amber__prmtop__init_8c.html" title="src/amber_prmtop_init.c" alt="" coords="5,231,173,255">
<area shape="rect" href="$d2/d2a/find__molecules_8c.html" title="src/find_molecules.c" alt="" coords="197,231,344,255">
<area shape="rect" href="$d4/d44/load__amber__prmtop_8c.html" title="src/load_amber_prmtop.c" alt="" coords="368,231,544,255">
<area shape="rect" href="$db/d7d/parse__amber__prmtop_8c.html" title="src/parse_amber_prmtop.c" alt="" coords="568,231,752,255">
<area shape="rect" href="$da/da5/read__amber__prmtop_8c.html" title="src/read_amber_prmtop.c" alt="" coords="776,231,955,255">
<area shape="rect" href="$dd/dcf/read__amber8__mden_8c.html" title="src/read_amber8_mden.c" alt="" coords="1147,231,1325,255">
<area shape="rect" href="$db/d94/get__type_8c.html" title="src/get_type.c" alt="" coords="1509,231,1616,255">
<area shape="rect" href="$d7/df2/init__struct_8c.html" title="src/init_struct.c" alt="" coords="1640,231,1755,255">
<area shape="rect" href="$d8/df6/load__pdb_8c.html" title="src/load_pdb.c" alt="" coords="1779,231,1888,255">
<area shape="rect" href="$dc/d44/pdb__def_8c.html" title="src/pdb_def.c" alt="" coords="1912,231,2016,255">
<area shape="rect" href="$da/d7a/rwm__line_8c.html" title="src/rwm_line.c" alt="" coords="2040,231,2149,255">
