<area shape="rect" href="$d3/dcd/amber_8h.html" title="AMBER/amber.h" alt="" coords="907,81,1032,105">
<area shape="rect" href="$df/d3f/read__amber8__mden_8h.html" title="AMBER/read_amber8_mden.h" alt="" coords="556,156,767,180">
<area shape="rect" href="$d3/d65/read__prep_8h.html" title="AMBER/read_prep.h" alt="" coords="988,156,1137,180">
<area shape="rect" href="$d7/d08/run__control_8h.html" title="AMBER/run_control.h" alt="" coords="1161,156,1316,180">
<area shape="rect" href="$d6/d78/amber__prmtop_8h.html" title="AMBER/amber_prmtop.h" alt="" coords="791,156,964,180">
<area shape="rect" href="$dd/dea/mylib_8h.html" title="generic header file that loads utilities often needed by programmers" alt="" coords="641,231,705,255">
<area shape="rect" href="$d9/d14/general_8h.html" title="Convenience structures used by various functions within the library." alt="" coords="1003,305,1083,329">
<area shape="rect" href="$d3/de6/molecules_8h.html" title="molecules.h" alt="" coords="335,231,431,255">
<area shape="rect" href="$d4/ddb/geometries_8h.html" title="geometries.h" alt="" coords="5,305,107,329">
<area shape="rect" href="$d1/d10/parameter__sets_8h.html" title="parameter_sets.h" alt="" coords="131,305,259,329">
<area shape="rect" href="$db/d40/declarations_8h.html" title="declarations.h" alt="" coords="903,231,1009,255">
<area shape="rect" href="$d4/d08/amber__prmtop__structs_8h.html" title="AMBER/amber_prmtop_structs.h" alt="" coords="1033,231,1257,255">
