<area shape="rect" href="$d6/d78/amber__prmtop_8h.html" title="inc/AMBER/amber_prmtop.h" alt="" coords="600,156,795,180">
<area shape="rect" href="$df/d3f/read__amber8__mden_8h.html" title="inc/AMBER/read_amber8_mden.h" alt="" coords="896,156,1125,180">
<area shape="rect" href="$dd/dea/mylib_8h.html" title="generic header file that loads utilities often needed by programmers" alt="" coords="4253,81,4339,105">
<area shape="rect" href="$d2/dc6/load__dlg__mol_8c.html" title="src/load_dlg_mol.c" alt="" coords="4273,231,4409,255">
<area shape="rect" href="$d5/d83/fileslurp_8c.html" title="src/fileslurp.c" alt="" coords="7011,156,7112,180">
<area shape="rect" href="$dd/d4e/load__atypes_8c.html" title="src/load_atypes.c" alt="" coords="7136,156,7264,180">
<area shape="rect" href="$da/d0c/read__prep_8c.html" title="src/read_prep.c" alt="" coords="7288,156,7405,180">
<area shape="rect" href="$d3/dcd/amber_8h.html" title="inc/AMBER/amber.h" alt="" coords="979,231,1123,255">
<area shape="rect" href="$d0/d92/amber__prmtop__init_8c.html" title="src/amber_prmtop_init.c" alt="" coords="208,231,376,255">
<area shape="rect" href="$d2/d2a/find__molecules_8c.html" title="src/find_molecules.c" alt="" coords="400,231,547,255">
<area shape="rect" href="$d4/d44/load__amber__prmtop_8c.html" title="src/load_amber_prmtop.c" alt="" coords="571,231,747,255">
<area shape="rect" href="$db/d7d/parse__amber__prmtop_8c.html" title="src/parse_amber_prmtop.c" alt="" coords="771,231,955,255">
<area shape="rect" href="$da/da5/read__amber__prmtop_8c.html" title="src/read_amber_prmtop.c" alt="" coords="5,231,184,255">
<area shape="rect" href="$dd/dcf/read__amber8__mden_8c.html" title="src/read_amber8_mden.c" alt="" coords="1147,231,1325,255">
<area shape="rect" href="$d7/d40/load__pdb_8h.html" title="inc/load_pdb.h" alt="" coords="4195,156,4304,180">
<area shape="rect" href="$d9/d36/add__coord_8c.html" title="src/add_coord.c" alt="" coords="4379,156,4499,180">
<area shape="rect" href="$d5/d10/add__to__moiety__selection_8c.html" title="src/add_to_moiety_selection.c" alt="" coords="4523,156,4728,180">
<area shape="rect" href="$dc/d1b/add__vec_8c.html" title="src/add_vec.c" alt="" coords="4752,156,4859,180">
<area shape="rect" href="$d1/dde/assign__COM_8c.html" title="src/assign_COM.c" alt="" coords="4883,156,5016,180">
<area shape="rect" href="$d8/d3e/ATYPE__init_8c.html" title="src/ATYPE_init.c" alt="" coords="5040,156,5163,180">
<area shape="rect" href="$d1/d4a/coord__to__vec_8c.html" title="src/coord_to_vec.c" alt="" coords="5187,156,5323,180">
<area shape="rect" href="$d0/de0/crdsnaps_8c.html" title="src/crdsnaps.c" alt="" coords="5347,156,5456,180">
<area shape="rect" href="$d2/d42/deallocate__structures_8c.html" title="src/deallocate_structures.c" alt="" coords="5480,156,5667,180">
<area shape="rect" href="$da/d70/dprint__X_8c.html" title="src/dprint_X.c" alt="" coords="5691,156,5797,180">
<area shape="rect" href="$df/d0b/dXprint__X_8c.html" title="src/dXprint_X.c" alt="" coords="5821,156,5936,180">
<area shape="rect" href="$d4/d8c/file__directory__status__utils_8c.html" title="src/file_directory_status_utils.c" alt="" coords="5960,156,6171,180">
<area shape="rect" href="$dc/d2b/get__autocorr__est__array_8c.html" title="src/get_autocorr_est_array.c" alt="" coords="6195,156,6392,180">
<area shape="rect" href="$d4/d33/get__COM_8c.html" title="src/get_COM.c" alt="" coords="6416,156,6528,180">
<area shape="rect" href="$db/d36/get__crossprod_8c.html" title="src/get_crossprod.c" alt="" coords="6552,156,6693,180">
<area shape="rect" href="$db/d9e/get__dipole_8c.html" title="src/get_dipole.c" alt="" coords="6717,156,6835,180">
<area shape="rect" href="$d2/d29/get__dotprod_8c.html" title="src/get_dotprod.c" alt="" coords="6859,156,6987,180">
<area shape="rect" href="$d0/d42/get__geometric__center_8c.html" title="src/get_geometric_center.c" alt="" coords="1149,156,1336,180">
<area shape="rect" href="$d1/d8b/get__keysvals_8c.html" title="src/get_keysvals.c" alt="" coords="1360,156,1493,180">
<area shape="rect" href="$d8/dce/get__magnitude_8c.html" title="src/get_magnitude.c" alt="" coords="1517,156,1664,180">
<area shape="rect" href="$d0/dab/get__meanvar__array_8c.html" title="src/get_meanvar_array.c" alt="" coords="1688,156,1861,180">
<area shape="rect" href="$de/d06/get__moiety__selection__assembly_8c.html" title="src/get_moiety_selection_assembly.c" alt="" coords="1885,156,2133,180">
<area shape="rect" href="$d1/db9/get__plane_8c.html" title="src/get_plane.c" alt="" coords="2157,156,2272,180">
<area shape="rect" href="$d3/dc1/get__rms__alt__X_8c.html" title="src/get_rms_alt_X.c" alt="" coords="2296,156,2437,180">
<area shape="rect" href="$d0/dad/initialize__GLYstruct_8c.html" title="src/initialize_GLYstruct.c" alt="" coords="2461,156,2635,180">
<area shape="rect" href="$de/de6/myfopen_8c.html" title="src/myfopen.c" alt="" coords="2659,156,2765,180">
<area shape="rect" href="$de/d79/mytime_8c.html" title="src/mytime.c" alt="" coords="2789,156,2888,180">
<area shape="rect" href="$d2/d3d/myusage_8c.html" title="src/myusage.c" alt="" coords="2912,156,3021,180">
<area shape="rect" href="$d9/d66/mywhine_8c.html" title="src/mywhine.c" alt="" coords="3045,156,3155,180">
<area shape="rect" href="$dd/d7c/mywhineusage_8c.html" title="src/mywhineusage.c" alt="" coords="3179,156,3325,180">
<area shape="rect" href="$de/dbd/normalize__molecule__vectors_8c.html" title="src/normalize_molecule_vectors.c" alt="" coords="3349,156,3579,180">
<area shape="rect" href="$df/dda/normalize__vec_8c.html" title="src/normalize_vec.c" alt="" coords="3603,156,3747,180">
<area shape="rect" href="$d8/dd9/outputPDB_8c.html" title="src/outputPDB.c" alt="" coords="3771,156,3891,180">
<area shape="rect" href="$d9/dd3/read__eek_8c.html" title="src/read_eek.c" alt="" coords="3915,156,4027,180">
<area shape="rect" href="$db/d1c/read__neek_8c.html" title="src/read_neek.c" alt="" coords="4051,156,4171,180">
