<area shape="rect" href="$d6/d78/amber__prmtop_8h.html" title="amber_prmtop.h" alt="" coords="375,155,484,181">
<area shape="rect" href="$df/d3f/read__amber8__mden_8h.html" title="read_amber8_mden.h" alt="" coords="157,155,293,181">
<area shape="rect" href="$dd/dea/mylib_8h.html" title="generic header file that loads utilities often needed by programmers" alt="" coords="2755,80,2816,107">
<area shape="rect" href="$d5/d83/fileslurp_8c.html" title="fileslurp.c" alt="" coords="508,155,583,181">
<area shape="rect" href="$dd/d4e/load__atypes_8c.html" title="load_atypes.c" alt="" coords="4948,155,5041,181">
<area shape="rect" href="$d2/dc6/load__dlg__mol_8c.html" title="load_dlg_mol.c" alt="" coords="5065,155,5169,181">
<area shape="rect" href="$da/d0c/read__prep_8c.html" title="read_prep.c" alt="" coords="5193,155,5276,181">
<area shape="rect" href="$d3/dcd/amber_8h.html" title="amber.h" alt="" coords="165,229,229,256">
<area shape="rect" href="$d0/d92/amber__prmtop__init_8c.html" title="amber_prmtop_init.c" alt="" coords="883,229,1016,256">
<area shape="rect" href="$d2/d2a/find__molecules_8c.html" title="find_molecules.c" alt="" coords="253,229,365,256">
<area shape="rect" href="$d4/d44/load__amber__prmtop_8c.html" title="load_amber_prmtop.c" alt="" coords="389,229,528,256">
<area shape="rect" href="$db/d7d/parse__amber__prmtop_8c.html" title="parse_amber_prmtop.c" alt="" coords="552,229,696,256">
<area shape="rect" href="$da/da5/read__amber__prmtop_8c.html" title="read_amber_prmtop.c" alt="" coords="720,229,859,256">
<area shape="rect" href="$dd/dcf/read__amber8__mden_8c.html" title="read_amber8_mden.c" alt="" coords="5,229,141,256">
<area shape="rect" href="$d7/d40/load__pdb_8h.html" title="load_pdb.h" alt="" coords="2745,155,2825,181">
<area shape="rect" href="$d9/d36/add__coord_8c.html" title="add_coord.c" alt="" coords="2849,155,2935,181">
<area shape="rect" href="$dc/d1b/add__vec_8c.html" title="add_vec.c" alt="" coords="2959,155,3033,181">
<area shape="rect" href="$d1/dde/assign__COM_8c.html" title="assign_COM.c" alt="" coords="3057,155,3159,181">
<area shape="rect" href="$d8/d3e/ATYPE__init_8c.html" title="ATYPE_init.c" alt="" coords="3183,155,3279,181">
<area shape="rect" href="$d1/d4a/coord__to__vec_8c.html" title="coord_to_vec.c" alt="" coords="3303,155,3404,181">
<area shape="rect" href="$d0/de0/crdsnaps_8c.html" title="crdsnaps.c" alt="" coords="3428,155,3505,181">
<area shape="rect" href="$da/d70/dprint__X_8c.html" title="dprint_X.c" alt="" coords="3529,155,3607,181">
<area shape="rect" href="$df/d0b/dXprint__X_8c.html" title="dXprint_X.c" alt="" coords="3631,155,3719,181">
<area shape="rect" href="$dc/d2b/get__autocorr__est__array_8c.html" title="get_autocorr_est_array.c" alt="" coords="3743,155,3895,181">
<area shape="rect" href="$d4/d33/get__COM_8c.html" title="get_COM.c" alt="" coords="3919,155,4001,181">
<area shape="rect" href="$db/d36/get__crossprod_8c.html" title="get_crossprod.c" alt="" coords="4025,155,4129,181">
<area shape="rect" href="$db/d9e/get__dipole_8c.html" title="get_dipole.c" alt="" coords="4153,155,4239,181">
<area shape="rect" href="$d2/d29/get__dotprod_8c.html" title="get_dotprod.c" alt="" coords="4263,155,4356,181">
<area shape="rect" href="$d0/d42/get__geometric__center_8c.html" title="get_geometric_center.c" alt="" coords="4380,155,4527,181">
<area shape="rect" href="$d8/dce/get__magnitude_8c.html" title="get_magnitude.c" alt="" coords="4551,155,4660,181">
<area shape="rect" href="$d0/dab/get__meanvar__array_8c.html" title="get_meanvar_array.c" alt="" coords="4684,155,4817,181">
<area shape="rect" href="$d1/db9/get__plane_8c.html" title="get_plane.c" alt="" coords="4841,155,4924,181">
<area shape="rect" href="$d3/dc1/get__rms__alt__X_8c.html" title="get_rms_alt_X.c" alt="" coords="607,155,716,181">
<area shape="rect" href="$d0/dad/initialize__GLYstruct_8c.html" title="initialize_GLYstruct.c" alt="" coords="740,155,881,181">
<area shape="rect" href="$de/de6/myfopen_8c.html" title="myfopen.c" alt="" coords="905,155,983,181">
<area shape="rect" href="$de/d79/mytime_8c.html" title="mytime.c" alt="" coords="1007,155,1076,181">
<area shape="rect" href="$d2/d3d/myusage_8c.html" title="myusage.c" alt="" coords="1100,155,1177,181">
<area shape="rect" href="$d9/d66/mywhine_8c.html" title="mywhine.c" alt="" coords="1201,155,1281,181">
<area shape="rect" href="$dd/d7c/mywhineusage_8c.html" title="mywhineusage.c" alt="" coords="1305,155,1415,181">
<area shape="rect" href="$de/dbd/normalize__molecule__vectors_8c.html" title="normalize_molecule_vectors.c" alt="" coords="1439,155,1623,181">
<area shape="rect" href="$df/dda/normalize__vec_8c.html" title="normalize_vec.c" alt="" coords="1647,155,1756,181">
<area shape="rect" href="$d8/dd9/outputPDB_8c.html" title="outputPDB.c" alt="" coords="1780,155,1871,181">
<area shape="rect" href="$d9/dd3/read__eek_8c.html" title="read_eek.c" alt="" coords="1895,155,1972,181">
<area shape="rect" href="$db/d1c/read__neek_8c.html" title="read_neek.c" alt="" coords="1996,155,2081,181">
<area shape="rect" href="$d8/d23/rotate__vector__to__Z_8c.html" title="rotate_vector_to_Z.c" alt="" coords="2105,155,2239,181">
<area shape="rect" href="$d5/d06/rotation_8c.html" title="rotation.c" alt="" coords="2263,155,2335,181">
<area shape="rect" href="$df/d1d/scalarmult__vec_8c.html" title="scalarmult_vec.c" alt="" coords="2359,155,2468,181">
<area shape="rect" href="$df/dde/scan__file_8c.html" title="scan_file.c" alt="" coords="2492,155,2569,181">
<area shape="rect" href="$dc/dc8/translate__to__COM_8c.html" title="translate_to_COM.c" alt="" coords="2593,155,2721,181">
