<area shape="rect" href="$d6/d78/amber__prmtop_8h.html" title="inc/AMBER/amber_prmtop.h" alt="" coords="563,81,757,105">
<area shape="rect" href="$df/d3f/read__amber8__mden_8h.html" title="inc/AMBER/read_amber8_mden.h" alt="" coords="1121,81,1351,105">
<area shape="rect" href="$d7/d40/load__pdb_8h.html" title="inc/load_pdb.h" alt="" coords="1483,81,1592,105">
<area shape="rect" href="$d9/d36/add__coord_8c.html" title="src/add_coord.c" alt="" coords="1616,81,1736,105">
<area shape="rect" href="$dc/d1b/add__vec_8c.html" title="src/add_vec.c" alt="" coords="1760,81,1867,105">
<area shape="rect" href="$d1/dde/assign__COM_8c.html" title="src/assign_COM.c" alt="" coords="1891,81,2024,105">
<area shape="rect" href="$d8/d3e/ATYPE__init_8c.html" title="src/ATYPE_init.c" alt="" coords="2048,81,2171,105">
<area shape="rect" href="$d1/d4a/coord__to__vec_8c.html" title="src/coord_to_vec.c" alt="" coords="2195,81,2331,105">
<area shape="rect" href="$da/d70/dprint__X_8c.html" title="src/dprint_X.c" alt="" coords="2355,81,2461,105">
<area shape="rect" href="$df/d0b/dXprint__X_8c.html" title="src/dXprint_X.c" alt="" coords="2485,81,2600,105">
<area shape="rect" href="$d4/d33/get__COM_8c.html" title="src/get_COM.c" alt="" coords="2624,81,2736,105">
<area shape="rect" href="$db/d36/get__crossprod_8c.html" title="src/get_crossprod.c" alt="" coords="2760,81,2901,105">
<area shape="rect" href="$db/d9e/get__dipole_8c.html" title="src/get_dipole.c" alt="" coords="2925,81,3043,105">
<area shape="rect" href="$d2/d29/get__dotprod_8c.html" title="src/get_dotprod.c" alt="" coords="3067,81,3195,105">
<area shape="rect" href="$d0/d42/get__geometric__center_8c.html" title="src/get_geometric_center.c" alt="" coords="3219,81,3405,105">
<area shape="rect" href="$d8/dce/get__magnitude_8c.html" title="src/get_magnitude.c" alt="" coords="3429,81,3576,105">
<area shape="rect" href="$d1/db9/get__plane_8c.html" title="src/get_plane.c" alt="" coords="3600,81,3715,105">
<area shape="rect" href="$d3/dc1/get__rms__alt__X_8c.html" title="src/get_rms_alt_X.c" alt="" coords="3739,81,3880,105">
<area shape="rect" href="$d0/dad/initialize__GLYstruct_8c.html" title="src/initialize_GLYstruct.c" alt="" coords="3904,81,4077,105">
<area shape="rect" href="$dd/d4e/load__atypes_8c.html" title="src/load_atypes.c" alt="" coords="4101,81,4229,105">
<area shape="rect" href="$d2/dc6/load__dlg__mol_8c.html" title="src/load_dlg_mol.c" alt="" coords="4253,81,4389,105">
<area shape="rect" href="$de/dbd/normalize__molecule__vectors_8c.html" title="src/normalize_molecule_vectors.c" alt="" coords="4413,81,4643,105">
<area shape="rect" href="$df/dda/normalize__vec_8c.html" title="src/normalize_vec.c" alt="" coords="4667,81,4811,105">
<area shape="rect" href="$d8/dd9/outputPDB_8c.html" title="src/outputPDB.c" alt="" coords="4835,81,4955,105">
<area shape="rect" href="$da/d0c/read__prep_8c.html" title="src/read_prep.c" alt="" coords="4979,81,5096,105">
<area shape="rect" href="$d8/d23/rotate__vector__to__Z_8c.html" title="src/rotate_vector_to_Z.c" alt="" coords="5120,81,5288,105">
<area shape="rect" href="$d5/d06/rotation_8c.html" title="src/rotation.c" alt="" coords="5312,81,5413,105">
<area shape="rect" href="$df/d1d/scalarmult__vec_8c.html" title="src/scalarmult_vec.c" alt="" coords="5437,81,5584,105">
<area shape="rect" href="$dc/dc8/translate__to__COM_8c.html" title="src/translate_to_COM.c" alt="" coords="5608,81,5773,105">
<area shape="rect" href="$d6/dd1/translate__zero__to__coord_8c.html" title="src/translate_zero_to_coord.c" alt="" coords="5797,81,6000,105">
<area shape="rect" href="$d8/d38/vector__movements_8c.html" title="src/vector_movements.c" alt="" coords="6024,81,6195,105">
<area shape="rect" href="$d5/d1f/zero__vec__crd_8c.html" title="src/zero_vec_crd.c" alt="" coords="6219,81,6355,105">
<area shape="rect" href="$d3/dcd/amber_8h.html" title="inc/AMBER/amber.h" alt="" coords="979,156,1123,180">
<area shape="rect" href="$d0/d92/amber__prmtop__init_8c.html" title="src/amber_prmtop_init.c" alt="" coords="5,156,173,180">
<area shape="rect" href="$d2/d2a/find__molecules_8c.html" title="src/find_molecules.c" alt="" coords="197,156,344,180">
<area shape="rect" href="$d4/d44/load__amber__prmtop_8c.html" title="src/load_amber_prmtop.c" alt="" coords="368,156,544,180">
<area shape="rect" href="$db/d7d/parse__amber__prmtop_8c.html" title="src/parse_amber_prmtop.c" alt="" coords="568,156,752,180">
<area shape="rect" href="$da/da5/read__amber__prmtop_8c.html" title="src/read_amber_prmtop.c" alt="" coords="776,156,955,180">
<area shape="rect" href="$d9/dbc/write__amber__prmtop_8c.html" title="src/write_amber_prmtop.c" alt="" coords="961,231,1140,255">
<area shape="rect" href="$dd/dcf/read__amber8__mden_8c.html" title="src/read_amber8_mden.c" alt="" coords="1147,156,1325,180">
<area shape="rect" href="$db/d94/get__type_8c.html" title="src/get_type.c" alt="" coords="1349,156,1456,180">
<area shape="rect" href="$d7/df2/init__struct_8c.html" title="src/init_struct.c" alt="" coords="1480,156,1595,180">
<area shape="rect" href="$d8/df6/load__pdb_8c.html" title="src/load_pdb.c" alt="" coords="1619,156,1728,180">
<area shape="rect" href="$dc/d44/pdb__def_8c.html" title="src/pdb_def.c" alt="" coords="1752,156,1856,180">
<area shape="rect" href="$da/d7a/rwm__line_8c.html" title="src/rwm_line.c" alt="" coords="1880,156,1989,180">
