<area shape="rect" href="$dd/dea/mylib_8h.html" title="generic header file that loads utilities often needed by programmers" alt="" coords="493,81,557,105">
<area shape="rect" href="$d9/d14/general_8h.html" title="Deprecated header file containing structures used by various functions within the..." alt="" coords="827,156,907,180">
<area shape="rect" href="$d3/de6/molecules_8h.html" title="molecules.h" alt="" coords="936,81,1032,105">
<area shape="rect" href="$db/d40/declarations_8h.html" title="declarations.h" alt="" coords="1056,81,1163,105">
<area shape="rect" href="$d4/d08/amber__prmtop__structs_8h.html" title="AMBER/amber_prmtop_structs.h" alt="" coords="1187,81,1411,105">
<area shape="rect" href="$d1/d34/gly__codeutils_8h.html" title="header file that loads utilities to facilitate programming" alt="" coords="772,231,884,255">
<area shape="rect" href="$de/d42/gly__fileutils_8h.html" title="header file that loads utilities related to file I/O" alt="" coords="597,231,699,255">
<area shape="rect" href="$d4/ddb/geometries_8h.html" title="geometries.h" alt="" coords="1083,156,1184,180">
<area shape="rect" href="$d1/d10/parameter__sets_8h.html" title="parameter_sets.h" alt="" coords="931,156,1059,180">
