<area shape="rect" href="$d7/d40/load__pdb_8h.html#2115d5fe84c6d8ec8d8c2fcfa886f2df" title="getMolecule" alt="" coords="217,79,313,103">
<area shape="rect" href="$d7/d40/load__pdb_8h.html#5450bee2d296b0c7e1d84c3c92d591c8" title="isAtom" alt="" coords="559,91,623,115">
<area shape="rect" href="$d7/d40/load__pdb_8h.html#da9d275f9ebea79e15b777b2a3bb5804" title="init_struct_slurp" alt="" coords="207,203,324,227">
<area shape="rect" href="$d7/d40/load__pdb_8h.html#e5090a7808436da0250f82b6eda19eef" title="rwm_line_char" alt="" coords="211,251,320,275">
<area shape="rect" href="$d7/d40/load__pdb_8h.html#e3716ea85773f1a9531cdf78826e39db" title="findTotalResidue" alt="" coords="375,53,500,77">
<area shape="rect" href="$d7/d40/load__pdb_8h.html#ee9062a58f0eed481635b2b84bc3b234" title="getResInfo" alt="" coords="393,5,481,29">
<area shape="rect" href="$d7/d40/load__pdb_8h.html#918f0f0482fe0947a7a7b2910c98e165" title="endOfMol" alt="" coords="549,29,632,53">
<area shape="rect" href="$d7/d40/load__pdb_8h.html#8db95c4b03c738d00106d04f78082f17" title="pdb_def" alt="" coords="403,203,472,227">
<area shape="rect" href="$d7/d40/load__pdb_8h.html#7e12779005bda886569bfa460e18782d" title="get_type" alt="" coords="400,299,475,323">
<area shape="rect" href="$df/da0/group__FILE__UTILS.html#gbe1ecfe61377f58ccb2e93f9d333cdee" title="Complains (EEK!!!) if a file read fails." alt="" coords="395,251,480,275">
