<area shape="rect" href="$d3/de6/molecules_8h.html#3e698e365e9f737907e6374a9318b253" title="deallocateMolecule" alt="" coords="164,5,303,29">
<area shape="rect" href="$d3/de6/molecules_8h.html#5a13c1b4eaa883bf686e981140e2a0c4" title="dXprint_molecule" alt="" coords="169,53,297,77">
<area shape="rect" href="$db/d40/declarations_8h.html#1e9761c5744a4e1ab3cfe437fdf7b332" title="findAD3Energies" alt="" coords="171,101,296,125">
<area shape="rect" href="$db/d40/declarations_8h.html#6dbc938960a2e7d01c8fdca1fc0ffd02" title="findAD4Energies" alt="" coords="171,149,296,173">
<area shape="rect" href="$d7/d40/load__pdb_8h.html#430fd7512f5ff72cab1453eb22df7cda" title="isolateDockedPDB" alt="" coords="165,197,301,221">
<area shape="rect" href="$d7/d40/load__pdb_8h.html#fd095307e1784971d3a18ceac6dbcf2e" title="isolateInputPDB" alt="" coords="173,245,293,269">
<area shape="rect" href="$d7/d40/load__pdb_8h.html#7a868395f5dad0888eea7ac11dfb8f95" title="load_pdb_from_slurp" alt="" coords="159,293,308,317">
<area shape="rect" href="$d1/d34/gly__codeutils_8h.html#adce93feeb2a291f0fef33ffc4a8509d" title="Prints error message and exits(1)." alt="" coords="196,341,271,365">
<area shape="rect" href="$df/da0/group__FILE__UTILS.html#g77e969d3a949fa8aa7195481797b2f19" title="Complains (EEK!!!) if a file read fails." alt="" coords="193,389,273,413">
<area shape="rect" href="$df/da0/group__FILE__UTILS.html#g32beab6660a30c42c4a1c744f109f8f1" title="slurp_file" alt="" coords="195,440,272,464">
<area shape="rect" href="$d3/de6/molecules_8h.html#c2704c36414a2539685ed152713762c5" title="deallocateResidue" alt="" coords="357,5,493,29">
<area shape="rect" href="$d3/de6/molecules_8h.html#ba294de81060c7012ac380b42c2759c8" title="deallocateAtom" alt="" coords="547,5,664,29">
<area shape="rect" href="$d7/d40/load__pdb_8h.html#2115d5fe84c6d8ec8d8c2fcfa886f2df" title="getMolecule" alt="" coords="377,293,473,317">
<area shape="rect" href="$d7/d40/load__pdb_8h.html#5450bee2d296b0c7e1d84c3c92d591c8" title="isAtom" alt="" coords="727,331,791,355">
<area shape="rect" href="$d7/d40/load__pdb_8h.html#da9d275f9ebea79e15b777b2a3bb5804" title="init_struct_slurp" alt="" coords="367,125,484,149">
<area shape="rect" href="$d7/d40/load__pdb_8h.html#e5090a7808436da0250f82b6eda19eef" title="rwm_line_char" alt="" coords="371,197,480,221">
<area shape="rect" href="$d7/d40/load__pdb_8h.html#e3716ea85773f1a9531cdf78826e39db" title="findTotalResidue" alt="" coords="543,293,668,317">
<area shape="rect" href="$d7/d40/load__pdb_8h.html#ee9062a58f0eed481635b2b84bc3b234" title="getResInfo" alt="" coords="561,245,649,269">
<area shape="rect" href="$d7/d40/load__pdb_8h.html#918f0f0482fe0947a7a7b2910c98e165" title="endOfMol" alt="" coords="717,269,800,293">
<area shape="rect" href="$d7/d40/load__pdb_8h.html#8db95c4b03c738d00106d04f78082f17" title="pdb_def" alt="" coords="571,101,640,125">
<area shape="rect" href="$d7/d40/load__pdb_8h.html#7e12779005bda886569bfa460e18782d" title="get_type" alt="" coords="568,149,643,173">
<area shape="rect" href="$df/da0/group__FILE__UTILS.html#gbe1ecfe61377f58ccb2e93f9d333cdee" title="Complains (EEK!!!) if a file read fails." alt="" coords="563,197,648,221">
<area shape="rect" href="$df/da0/group__FILE__UTILS.html#ga350ff339d771f0880203e6eb7abb58e" title="Opens a file with error checking." alt="" coords="388,443,463,467">
