<area shape="rect" href="$d6/d78/amber__prmtop_8h.html" title="AMBER/amber_prmtop.h" alt="" coords="785,81,959,105">
<area shape="rect" href="$dd/dea/mylib_8h.html" title="generic header file that loads utilities often needed by programmers" alt="" coords="413,156,477,180">
<area shape="rect" href="$d9/d14/general_8h.html" title="Convenience structures used by various functions within the library." alt="" coords="725,231,805,255">
<area shape="rect" href="$d3/de6/molecules_8h.html" title="molecules.h" alt="" coords="824,156,920,180">
<area shape="rect" href="$db/d40/declarations_8h.html" title="declarations.h" alt="" coords="944,156,1051,180">
<area shape="rect" href="$d4/d08/amber__prmtop__structs_8h.html" title="AMBER/amber_prmtop_structs.h" alt="" coords="1075,156,1299,180">
<area shape="rect" href="$d4/ddb/geometries_8h.html" title="geometries.h" alt="" coords="829,231,931,255">
<area shape="rect" href="$d1/d10/parameter__sets_8h.html" title="parameter_sets.h" alt="" coords="955,231,1083,255">
