<area shape="rect" href="$da/d81/structatom.html" title="atom" alt="" coords="473,277,524,301">
<area shape="rect" href="$d3/df7/structvectormag__3D.html" title="vectormag_3D" alt="" coords="296,127,408,151">
<area shape="rect" href="$d6/d7c/structbond.html" title="for simple, all&#45;one&#45;residue bonding (for early programs)" alt="" coords="221,127,272,151">
<area shape="rect" href="$d6/df4/structbondset.html" title="bondset" alt="" coords="299,277,368,301">
<area shape="rect" href="$d6/def/structbond__type.html" title="bond_type" alt="" coords="253,7,339,31">
<area shape="rect" href="$dc/d7a/structatype.html" title="atype" alt="" coords="141,127,197,151">
<area shape="rect" href="$df/d7e/structmolbond.html" title="molbond" alt="" coords="432,127,507,151">
<area shape="rect" href="$da/d03/structtorsion__type.html" title="torsion_type" alt="" coords="5,7,101,31">
<area shape="rect" href="$dc/ddd/structangle__type.html" title="angle_type" alt="" coords="125,7,213,31">
<area shape="rect" href="$d8/d31/structcoord__3D.html" title="coord_3D" alt="" coords="656,127,736,151">
<area shape="rect" href="$dc/d34/structconnection__tree.html" title="connection_tree" alt="" coords="891,277,1011,301">
<area shape="rect" href="$da/d96/structensindex.html" title="ensindex" alt="" coords="912,127,989,151">
<area shape="rect" href="$d2/d4f/structmolindex.html" title="molindex" alt="" coords="516,7,593,31">
<area shape="rect" href="$d8/d1b/structrtype.html" title="rtype" alt="" coords="736,277,787,301">
<area shape="rect" href="$d7/d04/structplane.html" title="plane" alt="" coords="811,277,867,301">
